// Jest Snapshot v1, https://goo.gl/fbAQLP

exports[`FrontFinance Component renders correctly 1`] = `
<RCTSafeAreaView
  style={
    {
      "flex": 1,
    }
  }
  testID="front-finance-component"
/>
`;

exports[`FrontFinance Component renders correctly when URL is provided 1`] = `
<RCTSafeAreaView
  style={
    {
      "flex": 1,
    }
  }
  testID="front-finance-component"
/>
`;
