// Jest Snapshot v1, https://goo.gl/fbAQLP

exports[`LinkConnect Component renders correctly when URL is provided 1`] = `
<RCTSafeAreaView
  style={
    {
      "flex": 1,
    }
  }
  testID="link-connect-component"
>
  <View
    javaScriptEnabled={true}
    onMessage={[Function]}
    onNavigationStateChange={[Function]}
    source={
      {
        "uri": "https://web.getfront.com/b2b-iframe/test-account-random/broker-connect/catalog1",
      }
    }
    testID="webview"
  />
</RCTSafeAreaView>
`;
