// Jest Snapshot v1, https://goo.gl/fbAQLP

exports[`LinkConnect Component renders correctly when linkToken is provided 1`] = `
<View
  style={
    {
      "flex": 1,
    }
  }
  testID="link-connect-component"
>
  <RCTSafeAreaView
    style={
      {
        "backgroundColor": "#F3F4F5",
        "flex": 0,
      }
    }
  />
  <RCTSafeAreaView
    style={
      {
        "backgroundColor": "#FBFBFB",
        "flex": 1,
      }
    }
  >
    <View
      style={
        {
          "flex": 1,
        }
      }
    >
      <View
        style={
          {
            "backgroundColor": "#FBFBFB",
            "bottom": 0,
            "left": 0,
            "position": "absolute",
            "right": 0,
            "top": 0,
            "zIndex": 10,
          }
        }
      />
      <View
        bounces={false}
        cacheMode="LOAD_NO_CACHE"
        injectedJavaScript="
    window.meshSdkPlatform='reactNative';
    window.meshSdkVersion='2.1.3';
  "
        javaScriptEnabled={true}
        onLoadEnd={[Function]}
        onMessage={[Function]}
        onNavigationStateChange={[Function]}
        originWhitelist={
          [
            "https://walletconnect.com",
            "https://web.meshconnect.com",
            "https://web.getfront.com",
            "https://front-web-platform-dev",
            "https://front-b2b-api-test.azurewebsites.net",
            "https://sandbox-web.getfront.com",
            "https://sandbox-web.meshconnect.com",
            "https://login.coinbase.com",
            "https://www.okx.com",
            "https://exchange.gemini.com",
            "https://robinhood.com",
          ]
        }
        source={
          {
            "uri": "https://web.getfront.com/b2b-iframe/test-account-random/broker-connect/catalog1",
          }
        }
        startInLoadingState={true}
        style={
          {
            "backgroundColor": "#FBFBFB",
          }
        }
        testID="webview"
      />
    </View>
  </RCTSafeAreaView>
  <RCTSafeAreaView
    style={
      {
        "backgroundColor": "#FBFBFB",
        "flex": 0,
      }
    }
  />
</View>
`;
